mode: set
github.com/go-park-mail-ru/2025_2_RoadTo200/backend/internal/handler/http/auth_handler.go:15.77,19.2 1 1
github.com/go-park-mail-ru/2025_2_RoadTo200/backend/internal/handler/http/auth_handler.go:32.72,39.48 2 1
github.com/go-park-mail-ru/2025_2_RoadTo200/backend/internal/handler/http/auth_handler.go:39.48,42.3 2 1
github.com/go-park-mail-ru/2025_2_RoadTo200/backend/internal/handler/http/auth_handler.go:44.2,45.16 2 1
github.com/go-park-mail-ru/2025_2_RoadTo200/backend/internal/handler/http/auth_handler.go:45.16,47.37 2 0
github.com/go-park-mail-ru/2025_2_RoadTo200/backend/internal/handler/http/auth_handler.go:47.37,49.4 1 0
github.com/go-park-mail-ru/2025_2_RoadTo200/backend/internal/handler/http/auth_handler.go:50.3,51.9 2 0
github.com/go-park-mail-ru/2025_2_RoadTo200/backend/internal/handler/http/auth_handler.go:54.2,59.4 2 1
github.com/go-park-mail-ru/2025_2_RoadTo200/backend/internal/handler/http/auth_handler.go:73.69,79.48 2 1
github.com/go-park-mail-ru/2025_2_RoadTo200/backend/internal/handler/http/auth_handler.go:79.48,82.3 2 0
github.com/go-park-mail-ru/2025_2_RoadTo200/backend/internal/handler/http/auth_handler.go:84.2,85.16 2 1
github.com/go-park-mail-ru/2025_2_RoadTo200/backend/internal/handler/http/auth_handler.go:85.16,88.3 2 1
github.com/go-park-mail-ru/2025_2_RoadTo200/backend/internal/handler/http/auth_handler.go:90.2,95.4 2 1
github.com/go-park-mail-ru/2025_2_RoadTo200/backend/internal/handler/http/auth_handler.go:107.70,109.16 2 1
github.com/go-park-mail-ru/2025_2_RoadTo200/backend/internal/handler/http/auth_handler.go:109.16,112.3 2 1
github.com/go-park-mail-ru/2025_2_RoadTo200/backend/internal/handler/http/auth_handler.go:114.2,114.59 1 1
github.com/go-park-mail-ru/2025_2_RoadTo200/backend/internal/handler/http/auth_handler.go:114.59,117.3 2 0
github.com/go-park-mail-ru/2025_2_RoadTo200/backend/internal/handler/http/auth_handler.go:119.2,120.79 2 1
github.com/go-park-mail-ru/2025_2_RoadTo200/backend/internal/handler/http/feed_handler.go:18.67,22.2 1 0
github.com/go-park-mail-ru/2025_2_RoadTo200/backend/internal/handler/http/feed_handler.go:38.71,41.16 3 0
github.com/go-park-mail-ru/2025_2_RoadTo200/backend/internal/handler/http/feed_handler.go:41.16,44.3 2 0
github.com/go-park-mail-ru/2025_2_RoadTo200/backend/internal/handler/http/feed_handler.go:47.2,51.16 3 0
github.com/go-park-mail-ru/2025_2_RoadTo200/backend/internal/handler/http/feed_handler.go:51.16,54.3 2 0
github.com/go-park-mail-ru/2025_2_RoadTo200/backend/internal/handler/http/feed_handler.go:57.2,58.29 2 0
github.com/go-park-mail-ru/2025_2_RoadTo200/backend/internal/handler/http/feed_handler.go:58.29,60.3 1 0
github.com/go-park-mail-ru/2025_2_RoadTo200/backend/internal/handler/http/feed_handler.go:62.2,69.45 2 0
github.com/go-park-mail-ru/2025_2_RoadTo200/backend/internal/handler/http/feed_handler.go:73.68,80.20 5 0
github.com/go-park-mail-ru/2025_2_RoadTo200/backend/internal/handler/http/feed_handler.go:80.20,81.71 1 0
github.com/go-park-mail-ru/2025_2_RoadTo200/backend/internal/handler/http/feed_handler.go:81.71,83.4 1 0
github.com/go-park-mail-ru/2025_2_RoadTo200/backend/internal/handler/http/feed_handler.go:86.2,86.21 1 0
github.com/go-park-mail-ru/2025_2_RoadTo200/backend/internal/handler/http/feed_handler.go:86.21,87.62 1 0
github.com/go-park-mail-ru/2025_2_RoadTo200/backend/internal/handler/http/feed_handler.go:87.62,89.4 1 0
github.com/go-park-mail-ru/2025_2_RoadTo200/backend/internal/handler/http/feed_handler.go:92.2,92.22 1 0
github.com/go-park-mail-ru/2025_2_RoadTo200/backend/internal/handler/http/feed_handler.go:96.80,98.2 1 0
github.com/go-park-mail-ru/2025_2_RoadTo200/backend/internal/handler/http/match_handler.go:17.71,21.2 1 0
github.com/go-park-mail-ru/2025_2_RoadTo200/backend/internal/handler/http/match_handler.go:37.79,39.16 2 0
github.com/go-park-mail-ru/2025_2_RoadTo200/backend/internal/handler/http/match_handler.go:39.16,42.3 2 0
github.com/go-park-mail-ru/2025_2_RoadTo200/backend/internal/handler/http/match_handler.go:45.2,49.16 3 0
github.com/go-park-mail-ru/2025_2_RoadTo200/backend/internal/handler/http/match_handler.go:49.16,52.3 2 0
github.com/go-park-mail-ru/2025_2_RoadTo200/backend/internal/handler/http/match_handler.go:54.2,54.44 1 0
github.com/go-park-mail-ru/2025_2_RoadTo200/backend/internal/handler/http/match_handler.go:71.72,73.16 2 0
github.com/go-park-mail-ru/2025_2_RoadTo200/backend/internal/handler/http/match_handler.go:73.16,76.3 2 0
github.com/go-park-mail-ru/2025_2_RoadTo200/backend/internal/handler/http/match_handler.go:78.2,79.48 2 0
github.com/go-park-mail-ru/2025_2_RoadTo200/backend/internal/handler/http/match_handler.go:79.48,82.3 2 0
github.com/go-park-mail-ru/2025_2_RoadTo200/backend/internal/handler/http/match_handler.go:84.2,84.73 1 0
github.com/go-park-mail-ru/2025_2_RoadTo200/backend/internal/handler/http/match_handler.go:84.73,86.37 2 0
github.com/go-park-mail-ru/2025_2_RoadTo200/backend/internal/handler/http/match_handler.go:86.37,88.4 1 0
github.com/go-park-mail-ru/2025_2_RoadTo200/backend/internal/handler/http/match_handler.go:89.3,90.9 2 0
github.com/go-park-mail-ru/2025_2_RoadTo200/backend/internal/handler/http/match_handler.go:93.2,95.4 1 0
github.com/go-park-mail-ru/2025_2_RoadTo200/backend/internal/handler/http/match_handler.go:99.69,106.20 5 0
github.com/go-park-mail-ru/2025_2_RoadTo200/backend/internal/handler/http/match_handler.go:106.20,107.71 1 0
github.com/go-park-mail-ru/2025_2_RoadTo200/backend/internal/handler/http/match_handler.go:107.71,109.4 1 0
github.com/go-park-mail-ru/2025_2_RoadTo200/backend/internal/handler/http/match_handler.go:112.2,112.21 1 0
github.com/go-park-mail-ru/2025_2_RoadTo200/backend/internal/handler/http/match_handler.go:112.21,113.62 1 0
github.com/go-park-mail-ru/2025_2_RoadTo200/backend/internal/handler/http/match_handler.go:113.62,115.4 1 0
github.com/go-park-mail-ru/2025_2_RoadTo200/backend/internal/handler/http/match_handler.go:118.2,118.22 1 0
github.com/go-park-mail-ru/2025_2_RoadTo200/backend/internal/handler/http/profile_handler.go:23.79,27.2 1 0
github.com/go-park-mail-ru/2025_2_RoadTo200/backend/internal/handler/http/profile_handler.go:40.77,42.16 2 0
github.com/go-park-mail-ru/2025_2_RoadTo200/backend/internal/handler/http/profile_handler.go:42.16,45.3 2 0
github.com/go-park-mail-ru/2025_2_RoadTo200/backend/internal/handler/http/profile_handler.go:47.2,48.16 2 0
github.com/go-park-mail-ru/2025_2_RoadTo200/backend/internal/handler/http/profile_handler.go:48.16,49.39 1 0
github.com/go-park-mail-ru/2025_2_RoadTo200/backend/internal/handler/http/profile_handler.go:49.39,52.4 2 0
github.com/go-park-mail-ru/2025_2_RoadTo200/backend/internal/handler/http/profile_handler.go:53.3,54.9 2 0
github.com/go-park-mail-ru/2025_2_RoadTo200/backend/internal/handler/http/profile_handler.go:57.2,63.45 2 0
github.com/go-park-mail-ru/2025_2_RoadTo200/backend/internal/handler/http/profile_handler.go:94.80,98.16 4 0
github.com/go-park-mail-ru/2025_2_RoadTo200/backend/internal/handler/http/profile_handler.go:98.16,101.3 2 0
github.com/go-park-mail-ru/2025_2_RoadTo200/backend/internal/handler/http/profile_handler.go:103.2,107.55 3 0
github.com/go-park-mail-ru/2025_2_RoadTo200/backend/internal/handler/http/profile_handler.go:107.55,109.3 1 0
github.com/go-park-mail-ru/2025_2_RoadTo200/backend/internal/handler/http/profile_handler.go:109.8,109.65 1 0
github.com/go-park-mail-ru/2025_2_RoadTo200/backend/internal/handler/http/profile_handler.go:109.65,111.3 1 0
github.com/go-park-mail-ru/2025_2_RoadTo200/backend/internal/handler/http/profile_handler.go:111.8,113.3 1 0
github.com/go-park-mail-ru/2025_2_RoadTo200/backend/internal/handler/http/profile_handler.go:117.102,119.61 2 0
github.com/go-park-mail-ru/2025_2_RoadTo200/backend/internal/handler/http/profile_handler.go:119.61,122.3 2 0
github.com/go-park-mail-ru/2025_2_RoadTo200/backend/internal/handler/http/profile_handler.go:124.2,124.20 1 0
github.com/go-park-mail-ru/2025_2_RoadTo200/backend/internal/handler/http/profile_handler.go:125.20,126.38 1 0
github.com/go-park-mail-ru/2025_2_RoadTo200/backend/internal/handler/http/profile_handler.go:127.27,128.38 1 0
github.com/go-park-mail-ru/2025_2_RoadTo200/backend/internal/handler/http/profile_handler.go:129.21,130.32 1 0
github.com/go-park-mail-ru/2025_2_RoadTo200/backend/internal/handler/http/profile_handler.go:131.25,132.36 1 0
github.com/go-park-mail-ru/2025_2_RoadTo200/backend/internal/handler/http/profile_handler.go:133.10,134.67 1 0
github.com/go-park-mail-ru/2025_2_RoadTo200/backend/internal/handler/http/profile_handler.go:139.107,141.55 2 0
github.com/go-park-mail-ru/2025_2_RoadTo200/backend/internal/handler/http/profile_handler.go:141.55,144.3 2 0
github.com/go-park-mail-ru/2025_2_RoadTo200/backend/internal/handler/http/profile_handler.go:146.2,147.30 2 0
github.com/go-park-mail-ru/2025_2_RoadTo200/backend/internal/handler/http/profile_handler.go:147.30,150.3 2 0
github.com/go-park-mail-ru/2025_2_RoadTo200/backend/internal/handler/http/profile_handler.go:152.2,152.30 1 0
github.com/go-park-mail-ru/2025_2_RoadTo200/backend/internal/handler/http/profile_handler.go:156.119,167.26 2 0
github.com/go-park-mail-ru/2025_2_RoadTo200/backend/internal/handler/http/profile_handler.go:167.26,169.3 1 0
github.com/go-park-mail-ru/2025_2_RoadTo200/backend/internal/handler/http/profile_handler.go:171.2,171.80 1 0
github.com/go-park-mail-ru/2025_2_RoadTo200/backend/internal/handler/http/profile_handler.go:171.80,173.39 2 0
github.com/go-park-mail-ru/2025_2_RoadTo200/backend/internal/handler/http/profile_handler.go:173.39,175.4 1 0
github.com/go-park-mail-ru/2025_2_RoadTo200/backend/internal/handler/http/profile_handler.go:176.3,177.9 2 0
github.com/go-park-mail-ru/2025_2_RoadTo200/backend/internal/handler/http/profile_handler.go:180.2,180.101 1 0
github.com/go-park-mail-ru/2025_2_RoadTo200/backend/internal/handler/http/profile_handler.go:184.119,193.80 2 0
github.com/go-park-mail-ru/2025_2_RoadTo200/backend/internal/handler/http/profile_handler.go:193.80,196.3 2 0
github.com/go-park-mail-ru/2025_2_RoadTo200/backend/internal/handler/http/profile_handler.go:198.2,198.105 1 0
github.com/go-park-mail-ru/2025_2_RoadTo200/backend/internal/handler/http/profile_handler.go:202.97,204.21 2 0
github.com/go-park-mail-ru/2025_2_RoadTo200/backend/internal/handler/http/profile_handler.go:204.21,207.3 2 0
github.com/go-park-mail-ru/2025_2_RoadTo200/backend/internal/handler/http/profile_handler.go:209.2,210.16 2 0
github.com/go-park-mail-ru/2025_2_RoadTo200/backend/internal/handler/http/profile_handler.go:210.16,212.42 2 0
github.com/go-park-mail-ru/2025_2_RoadTo200/backend/internal/handler/http/profile_handler.go:212.42,214.4 1 0
github.com/go-park-mail-ru/2025_2_RoadTo200/backend/internal/handler/http/profile_handler.go:215.3,216.9 2 0
github.com/go-park-mail-ru/2025_2_RoadTo200/backend/internal/handler/http/profile_handler.go:219.2,223.45 2 0
github.com/go-park-mail-ru/2025_2_RoadTo200/backend/internal/handler/http/profile_handler.go:227.113,228.29 1 0
github.com/go-park-mail-ru/2025_2_RoadTo200/backend/internal/handler/http/profile_handler.go:228.29,231.3 2 0
github.com/go-park-mail-ru/2025_2_RoadTo200/backend/internal/handler/http/profile_handler.go:233.2,233.74 1 0
github.com/go-park-mail-ru/2025_2_RoadTo200/backend/internal/handler/http/profile_handler.go:233.74,235.37 2 0
github.com/go-park-mail-ru/2025_2_RoadTo200/backend/internal/handler/http/profile_handler.go:235.37,237.4 1 0
github.com/go-park-mail-ru/2025_2_RoadTo200/backend/internal/handler/http/profile_handler.go:237.9,237.44 1 0
github.com/go-park-mail-ru/2025_2_RoadTo200/backend/internal/handler/http/profile_handler.go:237.44,239.4 1 0
github.com/go-park-mail-ru/2025_2_RoadTo200/backend/internal/handler/http/profile_handler.go:240.3,241.9 2 0
github.com/go-park-mail-ru/2025_2_RoadTo200/backend/internal/handler/http/profile_handler.go:244.2,244.99 1 0
github.com/go-park-mail-ru/2025_2_RoadTo200/backend/internal/handler/http/profile_handler.go:248.117,249.29 1 0
github.com/go-park-mail-ru/2025_2_RoadTo200/backend/internal/handler/http/profile_handler.go:249.29,252.3 2 0
github.com/go-park-mail-ru/2025_2_RoadTo200/backend/internal/handler/http/profile_handler.go:254.2,254.78 1 0
github.com/go-park-mail-ru/2025_2_RoadTo200/backend/internal/handler/http/profile_handler.go:254.78,256.37 2 0
github.com/go-park-mail-ru/2025_2_RoadTo200/backend/internal/handler/http/profile_handler.go:256.37,258.4 1 0
github.com/go-park-mail-ru/2025_2_RoadTo200/backend/internal/handler/http/profile_handler.go:258.9,258.44 1 0
github.com/go-park-mail-ru/2025_2_RoadTo200/backend/internal/handler/http/profile_handler.go:258.44,260.4 1 0
github.com/go-park-mail-ru/2025_2_RoadTo200/backend/internal/handler/http/profile_handler.go:261.3,262.9 2 0
github.com/go-park-mail-ru/2025_2_RoadTo200/backend/internal/handler/http/profile_handler.go:265.2,265.103 1 0
github.com/go-park-mail-ru/2025_2_RoadTo200/backend/internal/handler/http/profile_handler.go:269.83,271.2 1 0
github.com/go-park-mail-ru/2025_2_RoadTo200/backend/internal/handler/http/profile_handler.go:274.71,276.31 2 0
github.com/go-park-mail-ru/2025_2_RoadTo200/backend/internal/handler/http/profile_handler.go:276.31,278.3 1 0
github.com/go-park-mail-ru/2025_2_RoadTo200/backend/internal/handler/http/profile_handler.go:279.2,279.15 1 0
github.com/go-park-mail-ru/2025_2_RoadTo200/backend/internal/handler/http/session_handler.go:16.74,20.2 1 0
github.com/go-park-mail-ru/2025_2_RoadTo200/backend/internal/handler/http/session_handler.go:30.77,32.16 2 0
github.com/go-park-mail-ru/2025_2_RoadTo200/backend/internal/handler/http/session_handler.go:32.16,37.3 2 0
github.com/go-park-mail-ru/2025_2_RoadTo200/backend/internal/handler/http/session_handler.go:39.2,40.16 2 0
github.com/go-park-mail-ru/2025_2_RoadTo200/backend/internal/handler/http/session_handler.go:40.16,45.3 2 0
github.com/go-park-mail-ru/2025_2_RoadTo200/backend/internal/handler/http/session_handler.go:46.2,53.4 2 0
github.com/go-park-mail-ru/2025_2_RoadTo200/backend/internal/handler/http/swipe_handler.go:17.71,21.2 1 0
github.com/go-park-mail-ru/2025_2_RoadTo200/backend/internal/handler/http/swipe_handler.go:36.77,38.16 2 0
github.com/go-park-mail-ru/2025_2_RoadTo200/backend/internal/handler/http/swipe_handler.go:38.16,41.3 2 0
github.com/go-park-mail-ru/2025_2_RoadTo200/backend/internal/handler/http/swipe_handler.go:43.2,44.61 2 0
github.com/go-park-mail-ru/2025_2_RoadTo200/backend/internal/handler/http/swipe_handler.go:44.61,47.3 2 0
github.com/go-park-mail-ru/2025_2_RoadTo200/backend/internal/handler/http/swipe_handler.go:50.2,56.16 3 0
github.com/go-park-mail-ru/2025_2_RoadTo200/backend/internal/handler/http/swipe_handler.go:56.16,58.14 2 0
github.com/go-park-mail-ru/2025_2_RoadTo200/backend/internal/handler/http/swipe_handler.go:59.34,60.33 1 0
github.com/go-park-mail-ru/2025_2_RoadTo200/backend/internal/handler/http/swipe_handler.go:61.37,62.43 1 0
github.com/go-park-mail-ru/2025_2_RoadTo200/backend/internal/handler/http/swipe_handler.go:64.3,65.9 2 0
github.com/go-park-mail-ru/2025_2_RoadTo200/backend/internal/handler/http/swipe_handler.go:68.2,68.45 1 0
github.com/go-park-mail-ru/2025_2_RoadTo200/backend/internal/service/implementations/auth_service.go:21.130,27.2 1 0
github.com/go-park-mail-ru/2025_2_RoadTo200/backend/internal/service/implementations/auth_service.go:29.112,31.33 1 0
github.com/go-park-mail-ru/2025_2_RoadTo200/backend/internal/service/implementations/auth_service.go:31.33,33.3 1 0
github.com/go-park-mail-ru/2025_2_RoadTo200/backend/internal/service/implementations/auth_service.go:35.2,35.23 1 0
github.com/go-park-mail-ru/2025_2_RoadTo200/backend/internal/service/implementations/auth_service.go:35.23,37.3 1 0
github.com/go-park-mail-ru/2025_2_RoadTo200/backend/internal/service/implementations/auth_service.go:40.2,41.16 2 0
github.com/go-park-mail-ru/2025_2_RoadTo200/backend/internal/service/implementations/auth_service.go:41.16,43.3 1 0
github.com/go-park-mail-ru/2025_2_RoadTo200/backend/internal/service/implementations/auth_service.go:44.2,44.25 1 0
github.com/go-park-mail-ru/2025_2_RoadTo200/backend/internal/service/implementations/auth_service.go:44.25,46.3 1 0
github.com/go-park-mail-ru/2025_2_RoadTo200/backend/internal/service/implementations/auth_service.go:49.2,50.16 2 0
github.com/go-park-mail-ru/2025_2_RoadTo200/backend/internal/service/implementations/auth_service.go:50.16,52.3 1 0
github.com/go-park-mail-ru/2025_2_RoadTo200/backend/internal/service/implementations/auth_service.go:55.2,65.21 2 0
github.com/go-park-mail-ru/2025_2_RoadTo200/backend/internal/service/implementations/auth_service.go:65.21,67.3 1 0
github.com/go-park-mail-ru/2025_2_RoadTo200/backend/internal/service/implementations/auth_service.go:69.2,69.48 1 0
github.com/go-park-mail-ru/2025_2_RoadTo200/backend/internal/service/implementations/auth_service.go:69.48,71.3 1 0
github.com/go-park-mail-ru/2025_2_RoadTo200/backend/internal/service/implementations/auth_service.go:74.2,77.51 3 0
github.com/go-park-mail-ru/2025_2_RoadTo200/backend/internal/service/implementations/auth_service.go:77.51,79.3 1 0
github.com/go-park-mail-ru/2025_2_RoadTo200/backend/internal/service/implementations/auth_service.go:81.2,81.27 1 0
github.com/go-park-mail-ru/2025_2_RoadTo200/backend/internal/service/implementations/auth_service.go:84.92,85.21 1 0
github.com/go-park-mail-ru/2025_2_RoadTo200/backend/internal/service/implementations/auth_service.go:85.21,87.3 1 0
github.com/go-park-mail-ru/2025_2_RoadTo200/backend/internal/service/implementations/auth_service.go:88.2,89.16 2 0
github.com/go-park-mail-ru/2025_2_RoadTo200/backend/internal/service/implementations/auth_service.go:89.16,91.3 1 0
github.com/go-park-mail-ru/2025_2_RoadTo200/backend/internal/service/implementations/auth_service.go:92.2,92.17 1 0
github.com/go-park-mail-ru/2025_2_RoadTo200/backend/internal/service/implementations/auth_service.go:92.17,94.3 1 0
github.com/go-park-mail-ru/2025_2_RoadTo200/backend/internal/service/implementations/auth_service.go:96.2,96.95 1 0
github.com/go-park-mail-ru/2025_2_RoadTo200/backend/internal/service/implementations/auth_service.go:96.95,98.3 1 0
github.com/go-park-mail-ru/2025_2_RoadTo200/backend/internal/service/implementations/auth_service.go:101.2,101.61 1 0
github.com/go-park-mail-ru/2025_2_RoadTo200/backend/internal/service/implementations/auth_service.go:101.61,103.3 1 0
github.com/go-park-mail-ru/2025_2_RoadTo200/backend/internal/service/implementations/auth_service.go:106.2,109.51 3 0
github.com/go-park-mail-ru/2025_2_RoadTo200/backend/internal/service/implementations/auth_service.go:109.51,111.3 1 0
github.com/go-park-mail-ru/2025_2_RoadTo200/backend/internal/service/implementations/auth_service.go:113.2,113.27 1 0
github.com/go-park-mail-ru/2025_2_RoadTo200/backend/internal/service/implementations/auth_service.go:116.50,117.21 1 0
github.com/go-park-mail-ru/2025_2_RoadTo200/backend/internal/service/implementations/auth_service.go:117.21,119.3 1 0
github.com/go-park-mail-ru/2025_2_RoadTo200/backend/internal/service/implementations/auth_service.go:120.2,121.16 2 0
github.com/go-park-mail-ru/2025_2_RoadTo200/backend/internal/service/implementations/auth_service.go:121.16,123.3 1 0
github.com/go-park-mail-ru/2025_2_RoadTo200/backend/internal/service/implementations/auth_service.go:124.2,124.20 1 0
github.com/go-park-mail-ru/2025_2_RoadTo200/backend/internal/service/implementations/auth_service.go:124.20,126.3 1 0
github.com/go-park-mail-ru/2025_2_RoadTo200/backend/internal/service/implementations/auth_service.go:128.2,128.44 1 0
github.com/go-park-mail-ru/2025_2_RoadTo200/backend/internal/service/implementations/auth_service.go:131.75,133.16 2 0
github.com/go-park-mail-ru/2025_2_RoadTo200/backend/internal/service/implementations/auth_service.go:133.16,135.3 1 0
github.com/go-park-mail-ru/2025_2_RoadTo200/backend/internal/service/implementations/auth_service.go:136.2,136.20 1 0
github.com/go-park-mail-ru/2025_2_RoadTo200/backend/internal/service/implementations/auth_service.go:136.20,138.3 1 0
github.com/go-park-mail-ru/2025_2_RoadTo200/backend/internal/service/implementations/auth_service.go:140.2,140.25 1 0
github.com/go-park-mail-ru/2025_2_RoadTo200/backend/internal/service/implementations/auth_service.go:140.25,143.3 2 0
github.com/go-park-mail-ru/2025_2_RoadTo200/backend/internal/service/implementations/auth_service.go:145.2,146.16 2 0
github.com/go-park-mail-ru/2025_2_RoadTo200/backend/internal/service/implementations/auth_service.go:146.16,148.3 1 0
github.com/go-park-mail-ru/2025_2_RoadTo200/backend/internal/service/implementations/auth_service.go:149.2,149.17 1 0
github.com/go-park-mail-ru/2025_2_RoadTo200/backend/internal/service/implementations/auth_service.go:149.17,151.3 1 0
github.com/go-park-mail-ru/2025_2_RoadTo200/backend/internal/service/implementations/auth_service.go:153.2,153.18 1 0
github.com/go-park-mail-ru/2025_2_RoadTo200/backend/internal/service/implementations/auth_service.go:156.75,158.2 1 0
github.com/go-park-mail-ru/2025_2_RoadTo200/backend/internal/service/implementations/feed_service.go:16.77,20.2 1 0
github.com/go-park-mail-ru/2025_2_RoadTo200/backend/internal/service/implementations/feed_service.go:22.91,24.30 1 0
github.com/go-park-mail-ru/2025_2_RoadTo200/backend/internal/service/implementations/feed_service.go:24.30,26.3 1 0
github.com/go-park-mail-ru/2025_2_RoadTo200/backend/internal/service/implementations/feed_service.go:27.2,27.16 1 0
github.com/go-park-mail-ru/2025_2_RoadTo200/backend/internal/service/implementations/feed_service.go:27.16,29.3 1 0
github.com/go-park-mail-ru/2025_2_RoadTo200/backend/internal/service/implementations/feed_service.go:31.2,36.16 4 0
github.com/go-park-mail-ru/2025_2_RoadTo200/backend/internal/service/implementations/feed_service.go:36.16,39.3 2 0
github.com/go-park-mail-ru/2025_2_RoadTo200/backend/internal/service/implementations/feed_service.go:42.2,44.19 2 0
github.com/go-park-mail-ru/2025_2_RoadTo200/backend/internal/service/implementations/match_service.go:23.24,29.2 1 0
github.com/go-park-mail-ru/2025_2_RoadTo200/backend/internal/service/implementations/match_service.go:31.110,33.30 1 0
github.com/go-park-mail-ru/2025_2_RoadTo200/backend/internal/service/implementations/match_service.go:33.30,35.3 1 0
github.com/go-park-mail-ru/2025_2_RoadTo200/backend/internal/service/implementations/match_service.go:36.2,36.16 1 0
github.com/go-park-mail-ru/2025_2_RoadTo200/backend/internal/service/implementations/match_service.go:36.16,38.3 1 0
github.com/go-park-mail-ru/2025_2_RoadTo200/backend/internal/service/implementations/match_service.go:41.2,42.16 2 0
github.com/go-park-mail-ru/2025_2_RoadTo200/backend/internal/service/implementations/match_service.go:42.16,45.3 2 0
github.com/go-park-mail-ru/2025_2_RoadTo200/backend/internal/service/implementations/match_service.go:48.2,49.32 2 0
github.com/go-park-mail-ru/2025_2_RoadTo200/backend/internal/service/implementations/match_service.go:49.32,50.30 1 0
github.com/go-park-mail-ru/2025_2_RoadTo200/backend/internal/service/implementations/match_service.go:50.30,52.4 1 0
github.com/go-park-mail-ru/2025_2_RoadTo200/backend/internal/service/implementations/match_service.go:52.9,54.4 1 0
github.com/go-park-mail-ru/2025_2_RoadTo200/backend/internal/service/implementations/match_service.go:58.2,59.16 2 0
github.com/go-park-mail-ru/2025_2_RoadTo200/backend/internal/service/implementations/match_service.go:59.16,61.3 1 0
github.com/go-park-mail-ru/2025_2_RoadTo200/backend/internal/service/implementations/match_service.go:64.2,65.29 2 0
github.com/go-park-mail-ru/2025_2_RoadTo200/backend/internal/service/implementations/match_service.go:65.29,67.3 1 0
github.com/go-park-mail-ru/2025_2_RoadTo200/backend/internal/service/implementations/match_service.go:70.2,71.32 2 0
github.com/go-park-mail-ru/2025_2_RoadTo200/backend/internal/service/implementations/match_service.go:71.32,73.30 2 0
github.com/go-park-mail-ru/2025_2_RoadTo200/backend/internal/service/implementations/match_service.go:73.30,75.4 1 0
github.com/go-park-mail-ru/2025_2_RoadTo200/backend/internal/service/implementations/match_service.go:75.9,77.4 1 0
github.com/go-park-mail-ru/2025_2_RoadTo200/backend/internal/service/implementations/match_service.go:79.3,82.5 1 0
github.com/go-park-mail-ru/2025_2_RoadTo200/backend/internal/service/implementations/match_service.go:85.2,92.22 2 0
github.com/go-park-mail-ru/2025_2_RoadTo200/backend/internal/service/implementations/match_service.go:95.70,98.16 2 0
github.com/go-park-mail-ru/2025_2_RoadTo200/backend/internal/service/implementations/match_service.go:98.16,100.3 1 0
github.com/go-park-mail-ru/2025_2_RoadTo200/backend/internal/service/implementations/match_service.go:101.2,101.18 1 0
github.com/go-park-mail-ru/2025_2_RoadTo200/backend/internal/service/implementations/match_service.go:101.18,103.3 1 0
github.com/go-park-mail-ru/2025_2_RoadTo200/backend/internal/service/implementations/match_service.go:106.2,106.62 1 0
github.com/go-park-mail-ru/2025_2_RoadTo200/backend/internal/service/implementations/profile_service.go:33.26,40.2 1 0
github.com/go-park-mail-ru/2025_2_RoadTo200/backend/internal/service/implementations/profile_service.go:43.88,46.16 2 0
github.com/go-park-mail-ru/2025_2_RoadTo200/backend/internal/service/implementations/profile_service.go:46.16,48.3 1 0
github.com/go-park-mail-ru/2025_2_RoadTo200/backend/internal/service/implementations/profile_service.go:49.2,49.17 1 0
github.com/go-park-mail-ru/2025_2_RoadTo200/backend/internal/service/implementations/profile_service.go:49.17,51.3 1 0
github.com/go-park-mail-ru/2025_2_RoadTo200/backend/internal/service/implementations/profile_service.go:54.2,55.16 2 0
github.com/go-park-mail-ru/2025_2_RoadTo200/backend/internal/service/implementations/profile_service.go:55.16,57.3 1 0
github.com/go-park-mail-ru/2025_2_RoadTo200/backend/internal/service/implementations/profile_service.go:60.2,61.16 2 0
github.com/go-park-mail-ru/2025_2_RoadTo200/backend/internal/service/implementations/profile_service.go:61.16,63.3 1 0
github.com/go-park-mail-ru/2025_2_RoadTo200/backend/internal/service/implementations/profile_service.go:66.2,72.8 2 0
github.com/go-park-mail-ru/2025_2_RoadTo200/backend/internal/service/implementations/profile_service.go:76.109,78.60 1 0
github.com/go-park-mail-ru/2025_2_RoadTo200/backend/internal/service/implementations/profile_service.go:78.60,80.3 1 0
github.com/go-park-mail-ru/2025_2_RoadTo200/backend/internal/service/implementations/profile_service.go:83.2,84.16 2 0
github.com/go-park-mail-ru/2025_2_RoadTo200/backend/internal/service/implementations/profile_service.go:84.16,86.3 1 0
github.com/go-park-mail-ru/2025_2_RoadTo200/backend/internal/service/implementations/profile_service.go:87.2,87.17 1 0
github.com/go-park-mail-ru/2025_2_RoadTo200/backend/internal/service/implementations/profile_service.go:87.17,89.3 1 0
github.com/go-park-mail-ru/2025_2_RoadTo200/backend/internal/service/implementations/profile_service.go:92.2,92.27 1 0
github.com/go-park-mail-ru/2025_2_RoadTo200/backend/internal/service/implementations/profile_service.go:92.27,94.3 1 0
github.com/go-park-mail-ru/2025_2_RoadTo200/backend/internal/service/implementations/profile_service.go:95.2,95.29 1 0
github.com/go-park-mail-ru/2025_2_RoadTo200/backend/internal/service/implementations/profile_service.go:95.29,97.3 1 0
github.com/go-park-mail-ru/2025_2_RoadTo200/backend/internal/service/implementations/profile_service.go:98.2,98.33 1 0
github.com/go-park-mail-ru/2025_2_RoadTo200/backend/internal/service/implementations/profile_service.go:98.33,100.3 1 0
github.com/go-park-mail-ru/2025_2_RoadTo200/backend/internal/service/implementations/profile_service.go:101.2,101.29 1 0
github.com/go-park-mail-ru/2025_2_RoadTo200/backend/internal/service/implementations/profile_service.go:101.29,103.3 1 0
github.com/go-park-mail-ru/2025_2_RoadTo200/backend/internal/service/implementations/profile_service.go:104.2,104.27 1 0
github.com/go-park-mail-ru/2025_2_RoadTo200/backend/internal/service/implementations/profile_service.go:104.27,106.3 1 0
github.com/go-park-mail-ru/2025_2_RoadTo200/backend/internal/service/implementations/profile_service.go:107.2,107.32 1 0
github.com/go-park-mail-ru/2025_2_RoadTo200/backend/internal/service/implementations/profile_service.go:107.32,109.3 1 0
github.com/go-park-mail-ru/2025_2_RoadTo200/backend/internal/service/implementations/profile_service.go:110.2,110.33 1 0
github.com/go-park-mail-ru/2025_2_RoadTo200/backend/internal/service/implementations/profile_service.go:110.33,112.3 1 0
github.com/go-park-mail-ru/2025_2_RoadTo200/backend/internal/service/implementations/profile_service.go:114.2,117.48 2 0
github.com/go-park-mail-ru/2025_2_RoadTo200/backend/internal/service/implementations/profile_service.go:117.48,119.3 1 0
github.com/go-park-mail-ru/2025_2_RoadTo200/backend/internal/service/implementations/profile_service.go:121.2,121.12 1 0
github.com/go-park-mail-ru/2025_2_RoadTo200/backend/internal/service/implementations/profile_service.go:125.113,127.64 1 0
github.com/go-park-mail-ru/2025_2_RoadTo200/backend/internal/service/implementations/profile_service.go:127.64,129.3 1 0
github.com/go-park-mail-ru/2025_2_RoadTo200/backend/internal/service/implementations/profile_service.go:132.2,133.16 2 0
github.com/go-park-mail-ru/2025_2_RoadTo200/backend/internal/service/implementations/profile_service.go:133.16,135.3 1 0
github.com/go-park-mail-ru/2025_2_RoadTo200/backend/internal/service/implementations/profile_service.go:138.2,138.24 1 0
github.com/go-park-mail-ru/2025_2_RoadTo200/backend/internal/service/implementations/profile_service.go:138.24,149.3 1 0
github.com/go-park-mail-ru/2025_2_RoadTo200/backend/internal/service/implementations/profile_service.go:152.2,152.33 1 0
github.com/go-park-mail-ru/2025_2_RoadTo200/backend/internal/service/implementations/profile_service.go:152.33,154.3 1 0
github.com/go-park-mail-ru/2025_2_RoadTo200/backend/internal/service/implementations/profile_service.go:155.2,155.27 1 0
github.com/go-park-mail-ru/2025_2_RoadTo200/backend/internal/service/implementations/profile_service.go:155.27,157.3 1 0
github.com/go-park-mail-ru/2025_2_RoadTo200/backend/internal/service/implementations/profile_service.go:158.2,158.27 1 0
github.com/go-park-mail-ru/2025_2_RoadTo200/backend/internal/service/implementations/profile_service.go:158.27,160.3 1 0
github.com/go-park-mail-ru/2025_2_RoadTo200/backend/internal/service/implementations/profile_service.go:161.2,161.32 1 0
github.com/go-park-mail-ru/2025_2_RoadTo200/backend/internal/service/implementations/profile_service.go:161.32,163.3 1 0
github.com/go-park-mail-ru/2025_2_RoadTo200/backend/internal/service/implementations/profile_service.go:164.2,168.36 3 0
github.com/go-park-mail-ru/2025_2_RoadTo200/backend/internal/service/implementations/profile_service.go:168.36,170.3 1 0
github.com/go-park-mail-ru/2025_2_RoadTo200/backend/internal/service/implementations/profile_service.go:171.2,171.45 1 0
github.com/go-park-mail-ru/2025_2_RoadTo200/backend/internal/service/implementations/profile_service.go:175.117,178.16 2 0
github.com/go-park-mail-ru/2025_2_RoadTo200/backend/internal/service/implementations/profile_service.go:178.16,180.3 1 0
github.com/go-park-mail-ru/2025_2_RoadTo200/backend/internal/service/implementations/profile_service.go:182.2,182.66 1 0
github.com/go-park-mail-ru/2025_2_RoadTo200/backend/internal/service/implementations/profile_service.go:182.66,184.3 1 0
github.com/go-park-mail-ru/2025_2_RoadTo200/backend/internal/service/implementations/profile_service.go:186.2,189.37 3 0
github.com/go-park-mail-ru/2025_2_RoadTo200/backend/internal/service/implementations/profile_service.go:189.37,191.58 1 0
github.com/go-park-mail-ru/2025_2_RoadTo200/backend/internal/service/implementations/profile_service.go:191.58,193.4 1 0
github.com/go-park-mail-ru/2025_2_RoadTo200/backend/internal/service/implementations/profile_service.go:196.3,197.17 2 0
github.com/go-park-mail-ru/2025_2_RoadTo200/backend/internal/service/implementations/profile_service.go:197.17,199.4 1 0
github.com/go-park-mail-ru/2025_2_RoadTo200/backend/internal/service/implementations/profile_service.go:200.3,204.17 3 0
github.com/go-park-mail-ru/2025_2_RoadTo200/backend/internal/service/implementations/profile_service.go:204.17,206.4 1 0
github.com/go-park-mail-ru/2025_2_RoadTo200/backend/internal/service/implementations/profile_service.go:209.3,214.17 4 0
github.com/go-park-mail-ru/2025_2_RoadTo200/backend/internal/service/implementations/profile_service.go:214.17,216.4 1 0
github.com/go-park-mail-ru/2025_2_RoadTo200/backend/internal/service/implementations/profile_service.go:219.3,228.60 2 0
github.com/go-park-mail-ru/2025_2_RoadTo200/backend/internal/service/implementations/profile_service.go:228.60,232.4 2 0
github.com/go-park-mail-ru/2025_2_RoadTo200/backend/internal/service/implementations/profile_service.go:234.3,235.14 2 0
github.com/go-park-mail-ru/2025_2_RoadTo200/backend/internal/service/implementations/profile_service.go:238.2,238.28 1 0
github.com/go-park-mail-ru/2025_2_RoadTo200/backend/internal/service/implementations/profile_service.go:242.81,245.16 2 0
github.com/go-park-mail-ru/2025_2_RoadTo200/backend/internal/service/implementations/profile_service.go:245.16,247.3 1 0
github.com/go-park-mail-ru/2025_2_RoadTo200/backend/internal/service/implementations/profile_service.go:248.2,248.18 1 0
github.com/go-park-mail-ru/2025_2_RoadTo200/backend/internal/service/implementations/profile_service.go:248.18,250.3 1 0
github.com/go-park-mail-ru/2025_2_RoadTo200/backend/internal/service/implementations/profile_service.go:251.2,251.28 1 0
github.com/go-park-mail-ru/2025_2_RoadTo200/backend/internal/service/implementations/profile_service.go:251.28,253.3 1 0
github.com/go-park-mail-ru/2025_2_RoadTo200/backend/internal/service/implementations/profile_service.go:256.2,256.66 1 0
github.com/go-park-mail-ru/2025_2_RoadTo200/backend/internal/service/implementations/profile_service.go:256.66,259.3 1 0
github.com/go-park-mail-ru/2025_2_RoadTo200/backend/internal/service/implementations/profile_service.go:262.2,262.56 1 0
github.com/go-park-mail-ru/2025_2_RoadTo200/backend/internal/service/implementations/profile_service.go:262.56,264.3 1 0
github.com/go-park-mail-ru/2025_2_RoadTo200/backend/internal/service/implementations/profile_service.go:267.2,267.41 1 0
github.com/go-park-mail-ru/2025_2_RoadTo200/backend/internal/service/implementations/profile_service.go:271.85,274.16 2 0
github.com/go-park-mail-ru/2025_2_RoadTo200/backend/internal/service/implementations/profile_service.go:274.16,276.3 1 0
github.com/go-park-mail-ru/2025_2_RoadTo200/backend/internal/service/implementations/profile_service.go:277.2,277.18 1 0
github.com/go-park-mail-ru/2025_2_RoadTo200/backend/internal/service/implementations/profile_service.go:277.18,279.3 1 0
github.com/go-park-mail-ru/2025_2_RoadTo200/backend/internal/service/implementations/profile_service.go:280.2,280.28 1 0
github.com/go-park-mail-ru/2025_2_RoadTo200/backend/internal/service/implementations/profile_service.go:280.28,282.3 1 0
github.com/go-park-mail-ru/2025_2_RoadTo200/backend/internal/service/implementations/profile_service.go:285.2,286.16 2 0
github.com/go-park-mail-ru/2025_2_RoadTo200/backend/internal/service/implementations/profile_service.go:286.16,288.3 1 0
github.com/go-park-mail-ru/2025_2_RoadTo200/backend/internal/service/implementations/profile_service.go:291.2,294.30 3 0
github.com/go-park-mail-ru/2025_2_RoadTo200/backend/internal/service/implementations/profile_service.go:294.30,295.22 1 0
github.com/go-park-mail-ru/2025_2_RoadTo200/backend/internal/service/implementations/profile_service.go:295.22,297.4 1 0
github.com/go-park-mail-ru/2025_2_RoadTo200/backend/internal/service/implementations/profile_service.go:301.2,301.27 1 0
github.com/go-park-mail-ru/2025_2_RoadTo200/backend/internal/service/implementations/profile_service.go:301.27,303.3 1 0
github.com/go-park-mail-ru/2025_2_RoadTo200/backend/internal/service/implementations/profile_service.go:305.2,305.62 1 0
github.com/go-park-mail-ru/2025_2_RoadTo200/backend/internal/service/implementations/profile_service.go:309.86,312.16 2 0
github.com/go-park-mail-ru/2025_2_RoadTo200/backend/internal/service/implementations/profile_service.go:312.16,314.3 1 0
github.com/go-park-mail-ru/2025_2_RoadTo200/backend/internal/service/implementations/profile_service.go:317.2,318.34 2 0
github.com/go-park-mail-ru/2025_2_RoadTo200/backend/internal/service/implementations/profile_service.go:318.34,320.3 1 0
github.com/go-park-mail-ru/2025_2_RoadTo200/backend/internal/service/implementations/profile_service.go:322.2,323.39 2 0
github.com/go-park-mail-ru/2025_2_RoadTo200/backend/internal/service/implementations/profile_service.go:323.39,325.14 2 0
github.com/go-park-mail-ru/2025_2_RoadTo200/backend/internal/service/implementations/profile_service.go:325.14,327.4 1 0
github.com/go-park-mail-ru/2025_2_RoadTo200/backend/internal/service/implementations/profile_service.go:328.3,329.49 2 0
github.com/go-park-mail-ru/2025_2_RoadTo200/backend/internal/service/implementations/profile_service.go:332.2,332.67 1 0
github.com/go-park-mail-ru/2025_2_RoadTo200/backend/internal/service/implementations/profile_service.go:336.95,337.77 1 0
github.com/go-park-mail-ru/2025_2_RoadTo200/backend/internal/service/implementations/profile_service.go:337.77,339.3 1 0
github.com/go-park-mail-ru/2025_2_RoadTo200/backend/internal/service/implementations/profile_service.go:341.2,341.76 1 0
github.com/go-park-mail-ru/2025_2_RoadTo200/backend/internal/service/implementations/profile_service.go:341.76,343.3 1 0
github.com/go-park-mail-ru/2025_2_RoadTo200/backend/internal/service/implementations/profile_service.go:345.2,345.33 1 0
github.com/go-park-mail-ru/2025_2_RoadTo200/backend/internal/service/implementations/profile_service.go:345.33,347.38 2 0
github.com/go-park-mail-ru/2025_2_RoadTo200/backend/internal/service/implementations/profile_service.go:347.38,349.4 1 0
github.com/go-park-mail-ru/2025_2_RoadTo200/backend/internal/service/implementations/profile_service.go:352.2,352.12 1 0
github.com/go-park-mail-ru/2025_2_RoadTo200/backend/internal/service/implementations/profile_service.go:356.103,357.52 1 0
github.com/go-park-mail-ru/2025_2_RoadTo200/backend/internal/service/implementations/profile_service.go:357.52,358.43 1 0
github.com/go-park-mail-ru/2025_2_RoadTo200/backend/internal/service/implementations/profile_service.go:358.43,360.4 1 0
github.com/go-park-mail-ru/2025_2_RoadTo200/backend/internal/service/implementations/profile_service.go:361.3,361.43 1 0
github.com/go-park-mail-ru/2025_2_RoadTo200/backend/internal/service/implementations/profile_service.go:361.43,363.4 1 0
github.com/go-park-mail-ru/2025_2_RoadTo200/backend/internal/service/implementations/profile_service.go:364.3,364.45 1 0
github.com/go-park-mail-ru/2025_2_RoadTo200/backend/internal/service/implementations/profile_service.go:364.45,366.4 1 0
github.com/go-park-mail-ru/2025_2_RoadTo200/backend/internal/service/implementations/profile_service.go:369.2,369.32 1 0
github.com/go-park-mail-ru/2025_2_RoadTo200/backend/internal/service/implementations/profile_service.go:369.32,370.53 1 0
github.com/go-park-mail-ru/2025_2_RoadTo200/backend/internal/service/implementations/profile_service.go:370.53,372.4 1 0
github.com/go-park-mail-ru/2025_2_RoadTo200/backend/internal/service/implementations/profile_service.go:373.3,373.53 1 0
github.com/go-park-mail-ru/2025_2_RoadTo200/backend/internal/service/implementations/profile_service.go:373.53,375.4 1 0
github.com/go-park-mail-ru/2025_2_RoadTo200/backend/internal/service/implementations/profile_service.go:378.2,378.12 1 0
github.com/go-park-mail-ru/2025_2_RoadTo200/backend/internal/service/implementations/profile_service.go:382.79,384.41 1 0
github.com/go-park-mail-ru/2025_2_RoadTo200/backend/internal/service/implementations/profile_service.go:384.41,386.3 1 0
github.com/go-park-mail-ru/2025_2_RoadTo200/backend/internal/service/implementations/profile_service.go:389.2,392.43 4 0
github.com/go-park-mail-ru/2025_2_RoadTo200/backend/internal/service/implementations/profile_service.go:392.43,393.49 1 0
github.com/go-park-mail-ru/2025_2_RoadTo200/backend/internal/service/implementations/profile_service.go:393.49,395.9 2 0
github.com/go-park-mail-ru/2025_2_RoadTo200/backend/internal/service/implementations/profile_service.go:398.2,398.12 1 0
github.com/go-park-mail-ru/2025_2_RoadTo200/backend/internal/service/implementations/profile_service.go:398.12,400.3 1 0
github.com/go-park-mail-ru/2025_2_RoadTo200/backend/internal/service/implementations/profile_service.go:402.2,402.12 1 0
github.com/go-park-mail-ru/2025_2_RoadTo200/backend/internal/service/implementations/profile_service.go:406.73,408.16 2 0
github.com/go-park-mail-ru/2025_2_RoadTo200/backend/internal/service/implementations/profile_service.go:408.16,410.3 1 0
github.com/go-park-mail-ru/2025_2_RoadTo200/backend/internal/service/implementations/profile_service.go:412.2,412.24 1 0
github.com/go-park-mail-ru/2025_2_RoadTo200/backend/internal/service/implementations/profile_service.go:412.24,414.3 1 0
github.com/go-park-mail-ru/2025_2_RoadTo200/backend/internal/service/implementations/profile_service.go:416.2,416.59 1 0
github.com/go-park-mail-ru/2025_2_RoadTo200/backend/internal/service/implementations/swipe_service.go:19.119,24.2 1 0
github.com/go-park-mail-ru/2025_2_RoadTo200/backend/internal/service/implementations/swipe_service.go:26.120,28.32 1 0
github.com/go-park-mail-ru/2025_2_RoadTo200/backend/internal/service/implementations/swipe_service.go:28.32,30.3 1 0
github.com/go-park-mail-ru/2025_2_RoadTo200/backend/internal/service/implementations/swipe_service.go:33.2,34.16 2 0
github.com/go-park-mail-ru/2025_2_RoadTo200/backend/internal/service/implementations/swipe_service.go:34.16,36.3 1 0
github.com/go-park-mail-ru/2025_2_RoadTo200/backend/internal/service/implementations/swipe_service.go:39.2,47.50 2 0
github.com/go-park-mail-ru/2025_2_RoadTo200/backend/internal/service/implementations/swipe_service.go:47.50,49.3 1 0
github.com/go-park-mail-ru/2025_2_RoadTo200/backend/internal/service/implementations/swipe_service.go:51.2,56.42 2 0
github.com/go-park-mail-ru/2025_2_RoadTo200/backend/internal/service/implementations/swipe_service.go:56.42,59.17 2 0
github.com/go-park-mail-ru/2025_2_RoadTo200/backend/internal/service/implementations/swipe_service.go:59.17,61.4 1 0
github.com/go-park-mail-ru/2025_2_RoadTo200/backend/internal/service/implementations/swipe_service.go:63.3,63.20 1 0
github.com/go-park-mail-ru/2025_2_RoadTo200/backend/internal/service/implementations/swipe_service.go:63.20,72.52 2 0
github.com/go-park-mail-ru/2025_2_RoadTo200/backend/internal/service/implementations/swipe_service.go:72.52,74.5 1 0
github.com/go-park-mail-ru/2025_2_RoadTo200/backend/internal/service/implementations/swipe_service.go:76.4,77.38 2 0
github.com/go-park-mail-ru/2025_2_RoadTo200/backend/internal/service/implementations/swipe_service.go:81.2,81.22 1 0
github.com/go-park-mail-ru/2025_2_RoadTo200/backend/internal/service/implementations/swipe_service.go:84.86,85.16 1 0
github.com/go-park-mail-ru/2025_2_RoadTo200/backend/internal/service/implementations/swipe_service.go:86.14,87.38 1 0
github.com/go-park-mail-ru/2025_2_RoadTo200/backend/internal/service/implementations/swipe_service.go:88.17,89.41 1 0
github.com/go-park-mail-ru/2025_2_RoadTo200/backend/internal/service/implementations/swipe_service.go:90.10,91.42 1 0
github.com/go-park-mail-ru/2025_2_RoadTo200/backend/internal/service/implementations/auth_service.go:21.130,27.2 1 1
github.com/go-park-mail-ru/2025_2_RoadTo200/backend/internal/service/implementations/auth_service.go:29.112,31.33 1 1
github.com/go-park-mail-ru/2025_2_RoadTo200/backend/internal/service/implementations/auth_service.go:31.33,33.3 1 1
github.com/go-park-mail-ru/2025_2_RoadTo200/backend/internal/service/implementations/auth_service.go:35.2,35.23 1 1
github.com/go-park-mail-ru/2025_2_RoadTo200/backend/internal/service/implementations/auth_service.go:35.23,37.3 1 1
github.com/go-park-mail-ru/2025_2_RoadTo200/backend/internal/service/implementations/auth_service.go:40.2,41.16 2 1
github.com/go-park-mail-ru/2025_2_RoadTo200/backend/internal/service/implementations/auth_service.go:41.16,43.3 1 0
github.com/go-park-mail-ru/2025_2_RoadTo200/backend/internal/service/implementations/auth_service.go:44.2,44.25 1 1
github.com/go-park-mail-ru/2025_2_RoadTo200/backend/internal/service/implementations/auth_service.go:44.25,46.3 1 1
github.com/go-park-mail-ru/2025_2_RoadTo200/backend/internal/service/implementations/auth_service.go:49.2,50.16 2 1
github.com/go-park-mail-ru/2025_2_RoadTo200/backend/internal/service/implementations/auth_service.go:50.16,52.3 1 0
github.com/go-park-mail-ru/2025_2_RoadTo200/backend/internal/service/implementations/auth_service.go:55.2,65.21 2 1
github.com/go-park-mail-ru/2025_2_RoadTo200/backend/internal/service/implementations/auth_service.go:65.21,67.3 1 0
github.com/go-park-mail-ru/2025_2_RoadTo200/backend/internal/service/implementations/auth_service.go:69.2,69.48 1 1
github.com/go-park-mail-ru/2025_2_RoadTo200/backend/internal/service/implementations/auth_service.go:69.48,71.3 1 0
github.com/go-park-mail-ru/2025_2_RoadTo200/backend/internal/service/implementations/auth_service.go:74.2,77.51 3 1
github.com/go-park-mail-ru/2025_2_RoadTo200/backend/internal/service/implementations/auth_service.go:77.51,79.3 1 0
github.com/go-park-mail-ru/2025_2_RoadTo200/backend/internal/service/implementations/auth_service.go:81.2,81.27 1 1
github.com/go-park-mail-ru/2025_2_RoadTo200/backend/internal/service/implementations/auth_service.go:84.92,85.21 1 1
github.com/go-park-mail-ru/2025_2_RoadTo200/backend/internal/service/implementations/auth_service.go:85.21,87.3 1 0
github.com/go-park-mail-ru/2025_2_RoadTo200/backend/internal/service/implementations/auth_service.go:88.2,89.16 2 1
github.com/go-park-mail-ru/2025_2_RoadTo200/backend/internal/service/implementations/auth_service.go:89.16,91.3 1 0
github.com/go-park-mail-ru/2025_2_RoadTo200/backend/internal/service/implementations/auth_service.go:92.2,92.17 1 1
github.com/go-park-mail-ru/2025_2_RoadTo200/backend/internal/service/implementations/auth_service.go:92.17,94.3 1 1
github.com/go-park-mail-ru/2025_2_RoadTo200/backend/internal/service/implementations/auth_service.go:96.2,96.95 1 1
github.com/go-park-mail-ru/2025_2_RoadTo200/backend/internal/service/implementations/auth_service.go:96.95,98.3 1 1
github.com/go-park-mail-ru/2025_2_RoadTo200/backend/internal/service/implementations/auth_service.go:101.2,101.61 1 1
github.com/go-park-mail-ru/2025_2_RoadTo200/backend/internal/service/implementations/auth_service.go:101.61,103.3 1 0
github.com/go-park-mail-ru/2025_2_RoadTo200/backend/internal/service/implementations/auth_service.go:106.2,109.51 3 1
github.com/go-park-mail-ru/2025_2_RoadTo200/backend/internal/service/implementations/auth_service.go:109.51,111.3 1 0
github.com/go-park-mail-ru/2025_2_RoadTo200/backend/internal/service/implementations/auth_service.go:113.2,113.27 1 1
github.com/go-park-mail-ru/2025_2_RoadTo200/backend/internal/service/implementations/auth_service.go:116.50,117.21 1 1
github.com/go-park-mail-ru/2025_2_RoadTo200/backend/internal/service/implementations/auth_service.go:117.21,119.3 1 0
github.com/go-park-mail-ru/2025_2_RoadTo200/backend/internal/service/implementations/auth_service.go:120.2,121.16 2 1
github.com/go-park-mail-ru/2025_2_RoadTo200/backend/internal/service/implementations/auth_service.go:121.16,123.3 1 0
github.com/go-park-mail-ru/2025_2_RoadTo200/backend/internal/service/implementations/auth_service.go:124.2,124.20 1 1
github.com/go-park-mail-ru/2025_2_RoadTo200/backend/internal/service/implementations/auth_service.go:124.20,126.3 1 1
github.com/go-park-mail-ru/2025_2_RoadTo200/backend/internal/service/implementations/auth_service.go:128.2,128.44 1 1
github.com/go-park-mail-ru/2025_2_RoadTo200/backend/internal/service/implementations/auth_service.go:131.75,133.16 2 1
github.com/go-park-mail-ru/2025_2_RoadTo200/backend/internal/service/implementations/auth_service.go:133.16,135.3 1 0
github.com/go-park-mail-ru/2025_2_RoadTo200/backend/internal/service/implementations/auth_service.go:136.2,136.20 1 1
github.com/go-park-mail-ru/2025_2_RoadTo200/backend/internal/service/implementations/auth_service.go:136.20,138.3 1 1
github.com/go-park-mail-ru/2025_2_RoadTo200/backend/internal/service/implementations/auth_service.go:140.2,140.25 1 1
github.com/go-park-mail-ru/2025_2_RoadTo200/backend/internal/service/implementations/auth_service.go:140.25,143.3 2 0
github.com/go-park-mail-ru/2025_2_RoadTo200/backend/internal/service/implementations/auth_service.go:145.2,146.16 2 1
github.com/go-park-mail-ru/2025_2_RoadTo200/backend/internal/service/implementations/auth_service.go:146.16,148.3 1 0
github.com/go-park-mail-ru/2025_2_RoadTo200/backend/internal/service/implementations/auth_service.go:149.2,149.17 1 1
github.com/go-park-mail-ru/2025_2_RoadTo200/backend/internal/service/implementations/auth_service.go:149.17,151.3 1 1
github.com/go-park-mail-ru/2025_2_RoadTo200/backend/internal/service/implementations/auth_service.go:153.2,153.18 1 1
github.com/go-park-mail-ru/2025_2_RoadTo200/backend/internal/service/implementations/auth_service.go:156.75,158.2 1 0
github.com/go-park-mail-ru/2025_2_RoadTo200/backend/internal/service/implementations/feed_service.go:16.77,20.2 1 0
github.com/go-park-mail-ru/2025_2_RoadTo200/backend/internal/service/implementations/feed_service.go:22.91,24.30 1 0
github.com/go-park-mail-ru/2025_2_RoadTo200/backend/internal/service/implementations/feed_service.go:24.30,26.3 1 0
github.com/go-park-mail-ru/2025_2_RoadTo200/backend/internal/service/implementations/feed_service.go:27.2,27.16 1 0
github.com/go-park-mail-ru/2025_2_RoadTo200/backend/internal/service/implementations/feed_service.go:27.16,29.3 1 0
github.com/go-park-mail-ru/2025_2_RoadTo200/backend/internal/service/implementations/feed_service.go:31.2,36.16 4 0
github.com/go-park-mail-ru/2025_2_RoadTo200/backend/internal/service/implementations/feed_service.go:36.16,39.3 2 0
github.com/go-park-mail-ru/2025_2_RoadTo200/backend/internal/service/implementations/feed_service.go:42.2,44.19 2 0
github.com/go-park-mail-ru/2025_2_RoadTo200/backend/internal/service/implementations/match_service.go:23.24,29.2 1 0
github.com/go-park-mail-ru/2025_2_RoadTo200/backend/internal/service/implementations/match_service.go:31.110,33.30 1 0
github.com/go-park-mail-ru/2025_2_RoadTo200/backend/internal/service/implementations/match_service.go:33.30,35.3 1 0
github.com/go-park-mail-ru/2025_2_RoadTo200/backend/internal/service/implementations/match_service.go:36.2,36.16 1 0
github.com/go-park-mail-ru/2025_2_RoadTo200/backend/internal/service/implementations/match_service.go:36.16,38.3 1 0
github.com/go-park-mail-ru/2025_2_RoadTo200/backend/internal/service/implementations/match_service.go:41.2,42.16 2 0
github.com/go-park-mail-ru/2025_2_RoadTo200/backend/internal/service/implementations/match_service.go:42.16,45.3 2 0
github.com/go-park-mail-ru/2025_2_RoadTo200/backend/internal/service/implementations/match_service.go:48.2,49.32 2 0
github.com/go-park-mail-ru/2025_2_RoadTo200/backend/internal/service/implementations/match_service.go:49.32,50.30 1 0
github.com/go-park-mail-ru/2025_2_RoadTo200/backend/internal/service/implementations/match_service.go:50.30,52.4 1 0
github.com/go-park-mail-ru/2025_2_RoadTo200/backend/internal/service/implementations/match_service.go:52.9,54.4 1 0
github.com/go-park-mail-ru/2025_2_RoadTo200/backend/internal/service/implementations/match_service.go:58.2,59.16 2 0
github.com/go-park-mail-ru/2025_2_RoadTo200/backend/internal/service/implementations/match_service.go:59.16,61.3 1 0
github.com/go-park-mail-ru/2025_2_RoadTo200/backend/internal/service/implementations/match_service.go:64.2,65.29 2 0
github.com/go-park-mail-ru/2025_2_RoadTo200/backend/internal/service/implementations/match_service.go:65.29,67.3 1 0
github.com/go-park-mail-ru/2025_2_RoadTo200/backend/internal/service/implementations/match_service.go:70.2,71.32 2 0
github.com/go-park-mail-ru/2025_2_RoadTo200/backend/internal/service/implementations/match_service.go:71.32,73.30 2 0
github.com/go-park-mail-ru/2025_2_RoadTo200/backend/internal/service/implementations/match_service.go:73.30,75.4 1 0
github.com/go-park-mail-ru/2025_2_RoadTo200/backend/internal/service/implementations/match_service.go:75.9,77.4 1 0
github.com/go-park-mail-ru/2025_2_RoadTo200/backend/internal/service/implementations/match_service.go:79.3,82.5 1 0
github.com/go-park-mail-ru/2025_2_RoadTo200/backend/internal/service/implementations/match_service.go:85.2,92.22 2 0
github.com/go-park-mail-ru/2025_2_RoadTo200/backend/internal/service/implementations/match_service.go:95.70,98.16 2 0
github.com/go-park-mail-ru/2025_2_RoadTo200/backend/internal/service/implementations/match_service.go:98.16,100.3 1 0
github.com/go-park-mail-ru/2025_2_RoadTo200/backend/internal/service/implementations/match_service.go:101.2,101.18 1 0
github.com/go-park-mail-ru/2025_2_RoadTo200/backend/internal/service/implementations/match_service.go:101.18,103.3 1 0
github.com/go-park-mail-ru/2025_2_RoadTo200/backend/internal/service/implementations/match_service.go:106.2,106.62 1 0
github.com/go-park-mail-ru/2025_2_RoadTo200/backend/internal/service/implementations/profile_service.go:33.26,40.2 1 0
github.com/go-park-mail-ru/2025_2_RoadTo200/backend/internal/service/implementations/profile_service.go:43.88,46.16 2 0
github.com/go-park-mail-ru/2025_2_RoadTo200/backend/internal/service/implementations/profile_service.go:46.16,48.3 1 0
github.com/go-park-mail-ru/2025_2_RoadTo200/backend/internal/service/implementations/profile_service.go:49.2,49.17 1 0
github.com/go-park-mail-ru/2025_2_RoadTo200/backend/internal/service/implementations/profile_service.go:49.17,51.3 1 0
github.com/go-park-mail-ru/2025_2_RoadTo200/backend/internal/service/implementations/profile_service.go:54.2,55.16 2 0
github.com/go-park-mail-ru/2025_2_RoadTo200/backend/internal/service/implementations/profile_service.go:55.16,57.3 1 0
github.com/go-park-mail-ru/2025_2_RoadTo200/backend/internal/service/implementations/profile_service.go:60.2,61.16 2 0
github.com/go-park-mail-ru/2025_2_RoadTo200/backend/internal/service/implementations/profile_service.go:61.16,63.3 1 0
github.com/go-park-mail-ru/2025_2_RoadTo200/backend/internal/service/implementations/profile_service.go:66.2,72.8 2 0
github.com/go-park-mail-ru/2025_2_RoadTo200/backend/internal/service/implementations/profile_service.go:76.109,78.60 1 0
github.com/go-park-mail-ru/2025_2_RoadTo200/backend/internal/service/implementations/profile_service.go:78.60,80.3 1 0
github.com/go-park-mail-ru/2025_2_RoadTo200/backend/internal/service/implementations/profile_service.go:83.2,84.16 2 0
github.com/go-park-mail-ru/2025_2_RoadTo200/backend/internal/service/implementations/profile_service.go:84.16,86.3 1 0
github.com/go-park-mail-ru/2025_2_RoadTo200/backend/internal/service/implementations/profile_service.go:87.2,87.17 1 0
github.com/go-park-mail-ru/2025_2_RoadTo200/backend/internal/service/implementations/profile_service.go:87.17,89.3 1 0
github.com/go-park-mail-ru/2025_2_RoadTo200/backend/internal/service/implementations/profile_service.go:92.2,92.27 1 0
github.com/go-park-mail-ru/2025_2_RoadTo200/backend/internal/service/implementations/profile_service.go:92.27,94.3 1 0
github.com/go-park-mail-ru/2025_2_RoadTo200/backend/internal/service/implementations/profile_service.go:95.2,95.29 1 0
github.com/go-park-mail-ru/2025_2_RoadTo200/backend/internal/service/implementations/profile_service.go:95.29,97.3 1 0
github.com/go-park-mail-ru/2025_2_RoadTo200/backend/internal/service/implementations/profile_service.go:98.2,98.33 1 0
github.com/go-park-mail-ru/2025_2_RoadTo200/backend/internal/service/implementations/profile_service.go:98.33,100.3 1 0
github.com/go-park-mail-ru/2025_2_RoadTo200/backend/internal/service/implementations/profile_service.go:101.2,101.29 1 0
github.com/go-park-mail-ru/2025_2_RoadTo200/backend/internal/service/implementations/profile_service.go:101.29,103.3 1 0
github.com/go-park-mail-ru/2025_2_RoadTo200/backend/internal/service/implementations/profile_service.go:104.2,104.27 1 0
github.com/go-park-mail-ru/2025_2_RoadTo200/backend/internal/service/implementations/profile_service.go:104.27,106.3 1 0
github.com/go-park-mail-ru/2025_2_RoadTo200/backend/internal/service/implementations/profile_service.go:107.2,107.32 1 0
github.com/go-park-mail-ru/2025_2_RoadTo200/backend/internal/service/implementations/profile_service.go:107.32,109.3 1 0
github.com/go-park-mail-ru/2025_2_RoadTo200/backend/internal/service/implementations/profile_service.go:110.2,110.33 1 0
github.com/go-park-mail-ru/2025_2_RoadTo200/backend/internal/service/implementations/profile_service.go:110.33,112.3 1 0
github.com/go-park-mail-ru/2025_2_RoadTo200/backend/internal/service/implementations/profile_service.go:114.2,117.48 2 0
github.com/go-park-mail-ru/2025_2_RoadTo200/backend/internal/service/implementations/profile_service.go:117.48,119.3 1 0
github.com/go-park-mail-ru/2025_2_RoadTo200/backend/internal/service/implementations/profile_service.go:121.2,121.12 1 0
github.com/go-park-mail-ru/2025_2_RoadTo200/backend/internal/service/implementations/profile_service.go:125.113,127.64 1 0
github.com/go-park-mail-ru/2025_2_RoadTo200/backend/internal/service/implementations/profile_service.go:127.64,129.3 1 0
github.com/go-park-mail-ru/2025_2_RoadTo200/backend/internal/service/implementations/profile_service.go:132.2,133.16 2 0
github.com/go-park-mail-ru/2025_2_RoadTo200/backend/internal/service/implementations/profile_service.go:133.16,135.3 1 0
github.com/go-park-mail-ru/2025_2_RoadTo200/backend/internal/service/implementations/profile_service.go:138.2,138.24 1 0
github.com/go-park-mail-ru/2025_2_RoadTo200/backend/internal/service/implementations/profile_service.go:138.24,149.3 1 0
github.com/go-park-mail-ru/2025_2_RoadTo200/backend/internal/service/implementations/profile_service.go:152.2,152.33 1 0
github.com/go-park-mail-ru/2025_2_RoadTo200/backend/internal/service/implementations/profile_service.go:152.33,154.3 1 0
github.com/go-park-mail-ru/2025_2_RoadTo200/backend/internal/service/implementations/profile_service.go:155.2,155.27 1 0
github.com/go-park-mail-ru/2025_2_RoadTo200/backend/internal/service/implementations/profile_service.go:155.27,157.3 1 0
github.com/go-park-mail-ru/2025_2_RoadTo200/backend/internal/service/implementations/profile_service.go:158.2,158.27 1 0
github.com/go-park-mail-ru/2025_2_RoadTo200/backend/internal/service/implementations/profile_service.go:158.27,160.3 1 0
github.com/go-park-mail-ru/2025_2_RoadTo200/backend/internal/service/implementations/profile_service.go:161.2,161.32 1 0
github.com/go-park-mail-ru/2025_2_RoadTo200/backend/internal/service/implementations/profile_service.go:161.32,163.3 1 0
github.com/go-park-mail-ru/2025_2_RoadTo200/backend/internal/service/implementations/profile_service.go:164.2,168.36 3 0
github.com/go-park-mail-ru/2025_2_RoadTo200/backend/internal/service/implementations/profile_service.go:168.36,170.3 1 0
github.com/go-park-mail-ru/2025_2_RoadTo200/backend/internal/service/implementations/profile_service.go:171.2,171.45 1 0
github.com/go-park-mail-ru/2025_2_RoadTo200/backend/internal/service/implementations/profile_service.go:175.117,178.16 2 0
github.com/go-park-mail-ru/2025_2_RoadTo200/backend/internal/service/implementations/profile_service.go:178.16,180.3 1 0
github.com/go-park-mail-ru/2025_2_RoadTo200/backend/internal/service/implementations/profile_service.go:182.2,182.66 1 0
github.com/go-park-mail-ru/2025_2_RoadTo200/backend/internal/service/implementations/profile_service.go:182.66,184.3 1 0
github.com/go-park-mail-ru/2025_2_RoadTo200/backend/internal/service/implementations/profile_service.go:186.2,189.37 3 0
github.com/go-park-mail-ru/2025_2_RoadTo200/backend/internal/service/implementations/profile_service.go:189.37,191.58 1 0
github.com/go-park-mail-ru/2025_2_RoadTo200/backend/internal/service/implementations/profile_service.go:191.58,193.4 1 0
github.com/go-park-mail-ru/2025_2_RoadTo200/backend/internal/service/implementations/profile_service.go:196.3,197.17 2 0
github.com/go-park-mail-ru/2025_2_RoadTo200/backend/internal/service/implementations/profile_service.go:197.17,199.4 1 0
github.com/go-park-mail-ru/2025_2_RoadTo200/backend/internal/service/implementations/profile_service.go:200.3,204.17 3 0
github.com/go-park-mail-ru/2025_2_RoadTo200/backend/internal/service/implementations/profile_service.go:204.17,206.4 1 0
github.com/go-park-mail-ru/2025_2_RoadTo200/backend/internal/service/implementations/profile_service.go:209.3,214.17 4 0
github.com/go-park-mail-ru/2025_2_RoadTo200/backend/internal/service/implementations/profile_service.go:214.17,216.4 1 0
github.com/go-park-mail-ru/2025_2_RoadTo200/backend/internal/service/implementations/profile_service.go:219.3,228.60 2 0
github.com/go-park-mail-ru/2025_2_RoadTo200/backend/internal/service/implementations/profile_service.go:228.60,232.4 2 0
github.com/go-park-mail-ru/2025_2_RoadTo200/backend/internal/service/implementations/profile_service.go:234.3,235.14 2 0
github.com/go-park-mail-ru/2025_2_RoadTo200/backend/internal/service/implementations/profile_service.go:238.2,238.28 1 0
github.com/go-park-mail-ru/2025_2_RoadTo200/backend/internal/service/implementations/profile_service.go:242.81,245.16 2 0
github.com/go-park-mail-ru/2025_2_RoadTo200/backend/internal/service/implementations/profile_service.go:245.16,247.3 1 0
github.com/go-park-mail-ru/2025_2_RoadTo200/backend/internal/service/implementations/profile_service.go:248.2,248.18 1 0
github.com/go-park-mail-ru/2025_2_RoadTo200/backend/internal/service/implementations/profile_service.go:248.18,250.3 1 0
github.com/go-park-mail-ru/2025_2_RoadTo200/backend/internal/service/implementations/profile_service.go:251.2,251.28 1 0
github.com/go-park-mail-ru/2025_2_RoadTo200/backend/internal/service/implementations/profile_service.go:251.28,253.3 1 0
github.com/go-park-mail-ru/2025_2_RoadTo200/backend/internal/service/implementations/profile_service.go:256.2,256.66 1 0
github.com/go-park-mail-ru/2025_2_RoadTo200/backend/internal/service/implementations/profile_service.go:256.66,259.3 1 0
github.com/go-park-mail-ru/2025_2_RoadTo200/backend/internal/service/implementations/profile_service.go:262.2,262.56 1 0
github.com/go-park-mail-ru/2025_2_RoadTo200/backend/internal/service/implementations/profile_service.go:262.56,264.3 1 0
github.com/go-park-mail-ru/2025_2_RoadTo200/backend/internal/service/implementations/profile_service.go:267.2,267.41 1 0
github.com/go-park-mail-ru/2025_2_RoadTo200/backend/internal/service/implementations/profile_service.go:271.85,274.16 2 0
github.com/go-park-mail-ru/2025_2_RoadTo200/backend/internal/service/implementations/profile_service.go:274.16,276.3 1 0
github.com/go-park-mail-ru/2025_2_RoadTo200/backend/internal/service/implementations/profile_service.go:277.2,277.18 1 0
github.com/go-park-mail-ru/2025_2_RoadTo200/backend/internal/service/implementations/profile_service.go:277.18,279.3 1 0
github.com/go-park-mail-ru/2025_2_RoadTo200/backend/internal/service/implementations/profile_service.go:280.2,280.28 1 0
github.com/go-park-mail-ru/2025_2_RoadTo200/backend/internal/service/implementations/profile_service.go:280.28,282.3 1 0
github.com/go-park-mail-ru/2025_2_RoadTo200/backend/internal/service/implementations/profile_service.go:285.2,286.16 2 0
github.com/go-park-mail-ru/2025_2_RoadTo200/backend/internal/service/implementations/profile_service.go:286.16,288.3 1 0
github.com/go-park-mail-ru/2025_2_RoadTo200/backend/internal/service/implementations/profile_service.go:291.2,294.30 3 0
github.com/go-park-mail-ru/2025_2_RoadTo200/backend/internal/service/implementations/profile_service.go:294.30,295.22 1 0
github.com/go-park-mail-ru/2025_2_RoadTo200/backend/internal/service/implementations/profile_service.go:295.22,297.4 1 0
github.com/go-park-mail-ru/2025_2_RoadTo200/backend/internal/service/implementations/profile_service.go:301.2,301.27 1 0
github.com/go-park-mail-ru/2025_2_RoadTo200/backend/internal/service/implementations/profile_service.go:301.27,303.3 1 0
github.com/go-park-mail-ru/2025_2_RoadTo200/backend/internal/service/implementations/profile_service.go:305.2,305.62 1 0
github.com/go-park-mail-ru/2025_2_RoadTo200/backend/internal/service/implementations/profile_service.go:309.86,312.16 2 0
github.com/go-park-mail-ru/2025_2_RoadTo200/backend/internal/service/implementations/profile_service.go:312.16,314.3 1 0
github.com/go-park-mail-ru/2025_2_RoadTo200/backend/internal/service/implementations/profile_service.go:317.2,318.34 2 0
github.com/go-park-mail-ru/2025_2_RoadTo200/backend/internal/service/implementations/profile_service.go:318.34,320.3 1 0
github.com/go-park-mail-ru/2025_2_RoadTo200/backend/internal/service/implementations/profile_service.go:322.2,323.39 2 0
github.com/go-park-mail-ru/2025_2_RoadTo200/backend/internal/service/implementations/profile_service.go:323.39,325.14 2 0
github.com/go-park-mail-ru/2025_2_RoadTo200/backend/internal/service/implementations/profile_service.go:325.14,327.4 1 0
github.com/go-park-mail-ru/2025_2_RoadTo200/backend/internal/service/implementations/profile_service.go:328.3,329.49 2 0
github.com/go-park-mail-ru/2025_2_RoadTo200/backend/internal/service/implementations/profile_service.go:332.2,332.67 1 0
github.com/go-park-mail-ru/2025_2_RoadTo200/backend/internal/service/implementations/profile_service.go:336.95,337.77 1 0
github.com/go-park-mail-ru/2025_2_RoadTo200/backend/internal/service/implementations/profile_service.go:337.77,339.3 1 0
github.com/go-park-mail-ru/2025_2_RoadTo200/backend/internal/service/implementations/profile_service.go:341.2,341.76 1 0
github.com/go-park-mail-ru/2025_2_RoadTo200/backend/internal/service/implementations/profile_service.go:341.76,343.3 1 0
github.com/go-park-mail-ru/2025_2_RoadTo200/backend/internal/service/implementations/profile_service.go:345.2,345.33 1 0
github.com/go-park-mail-ru/2025_2_RoadTo200/backend/internal/service/implementations/profile_service.go:345.33,347.38 2 0
github.com/go-park-mail-ru/2025_2_RoadTo200/backend/internal/service/implementations/profile_service.go:347.38,349.4 1 0
github.com/go-park-mail-ru/2025_2_RoadTo200/backend/internal/service/implementations/profile_service.go:352.2,352.12 1 0
github.com/go-park-mail-ru/2025_2_RoadTo200/backend/internal/service/implementations/profile_service.go:356.103,357.52 1 0
github.com/go-park-mail-ru/2025_2_RoadTo200/backend/internal/service/implementations/profile_service.go:357.52,358.43 1 0
github.com/go-park-mail-ru/2025_2_RoadTo200/backend/internal/service/implementations/profile_service.go:358.43,360.4 1 0
github.com/go-park-mail-ru/2025_2_RoadTo200/backend/internal/service/implementations/profile_service.go:361.3,361.43 1 0
github.com/go-park-mail-ru/2025_2_RoadTo200/backend/internal/service/implementations/profile_service.go:361.43,363.4 1 0
github.com/go-park-mail-ru/2025_2_RoadTo200/backend/internal/service/implementations/profile_service.go:364.3,364.45 1 0
github.com/go-park-mail-ru/2025_2_RoadTo200/backend/internal/service/implementations/profile_service.go:364.45,366.4 1 0
github.com/go-park-mail-ru/2025_2_RoadTo200/backend/internal/service/implementations/profile_service.go:369.2,369.32 1 0
github.com/go-park-mail-ru/2025_2_RoadTo200/backend/internal/service/implementations/profile_service.go:369.32,370.53 1 0
github.com/go-park-mail-ru/2025_2_RoadTo200/backend/internal/service/implementations/profile_service.go:370.53,372.4 1 0
github.com/go-park-mail-ru/2025_2_RoadTo200/backend/internal/service/implementations/profile_service.go:373.3,373.53 1 0
github.com/go-park-mail-ru/2025_2_RoadTo200/backend/internal/service/implementations/profile_service.go:373.53,375.4 1 0
github.com/go-park-mail-ru/2025_2_RoadTo200/backend/internal/service/implementations/profile_service.go:378.2,378.12 1 0
github.com/go-park-mail-ru/2025_2_RoadTo200/backend/internal/service/implementations/profile_service.go:382.79,384.41 1 0
github.com/go-park-mail-ru/2025_2_RoadTo200/backend/internal/service/implementations/profile_service.go:384.41,386.3 1 0
github.com/go-park-mail-ru/2025_2_RoadTo200/backend/internal/service/implementations/profile_service.go:389.2,392.43 4 0
github.com/go-park-mail-ru/2025_2_RoadTo200/backend/internal/service/implementations/profile_service.go:392.43,393.49 1 0
github.com/go-park-mail-ru/2025_2_RoadTo200/backend/internal/service/implementations/profile_service.go:393.49,395.9 2 0
github.com/go-park-mail-ru/2025_2_RoadTo200/backend/internal/service/implementations/profile_service.go:398.2,398.12 1 0
github.com/go-park-mail-ru/2025_2_RoadTo200/backend/internal/service/implementations/profile_service.go:398.12,400.3 1 0
github.com/go-park-mail-ru/2025_2_RoadTo200/backend/internal/service/implementations/profile_service.go:402.2,402.12 1 0
github.com/go-park-mail-ru/2025_2_RoadTo200/backend/internal/service/implementations/profile_service.go:406.73,408.16 2 0
github.com/go-park-mail-ru/2025_2_RoadTo200/backend/internal/service/implementations/profile_service.go:408.16,410.3 1 0
github.com/go-park-mail-ru/2025_2_RoadTo200/backend/internal/service/implementations/profile_service.go:412.2,412.24 1 0
github.com/go-park-mail-ru/2025_2_RoadTo200/backend/internal/service/implementations/profile_service.go:412.24,414.3 1 0
github.com/go-park-mail-ru/2025_2_RoadTo200/backend/internal/service/implementations/profile_service.go:416.2,416.59 1 0
github.com/go-park-mail-ru/2025_2_RoadTo200/backend/internal/service/implementations/swipe_service.go:19.119,24.2 1 0
github.com/go-park-mail-ru/2025_2_RoadTo200/backend/internal/service/implementations/swipe_service.go:26.120,28.32 1 0
github.com/go-park-mail-ru/2025_2_RoadTo200/backend/internal/service/implementations/swipe_service.go:28.32,30.3 1 0
github.com/go-park-mail-ru/2025_2_RoadTo200/backend/internal/service/implementations/swipe_service.go:33.2,34.16 2 0
github.com/go-park-mail-ru/2025_2_RoadTo200/backend/internal/service/implementations/swipe_service.go:34.16,36.3 1 0
github.com/go-park-mail-ru/2025_2_RoadTo200/backend/internal/service/implementations/swipe_service.go:39.2,47.50 2 0
github.com/go-park-mail-ru/2025_2_RoadTo200/backend/internal/service/implementations/swipe_service.go:47.50,49.3 1 0
github.com/go-park-mail-ru/2025_2_RoadTo200/backend/internal/service/implementations/swipe_service.go:51.2,56.42 2 0
github.com/go-park-mail-ru/2025_2_RoadTo200/backend/internal/service/implementations/swipe_service.go:56.42,59.17 2 0
github.com/go-park-mail-ru/2025_2_RoadTo200/backend/internal/service/implementations/swipe_service.go:59.17,61.4 1 0
github.com/go-park-mail-ru/2025_2_RoadTo200/backend/internal/service/implementations/swipe_service.go:63.3,63.20 1 0
github.com/go-park-mail-ru/2025_2_RoadTo200/backend/internal/service/implementations/swipe_service.go:63.20,72.52 2 0
github.com/go-park-mail-ru/2025_2_RoadTo200/backend/internal/service/implementations/swipe_service.go:72.52,74.5 1 0
github.com/go-park-mail-ru/2025_2_RoadTo200/backend/internal/service/implementations/swipe_service.go:76.4,77.38 2 0
github.com/go-park-mail-ru/2025_2_RoadTo200/backend/internal/service/implementations/swipe_service.go:81.2,81.22 1 0
github.com/go-park-mail-ru/2025_2_RoadTo200/backend/internal/service/implementations/swipe_service.go:84.86,85.16 1 0
github.com/go-park-mail-ru/2025_2_RoadTo200/backend/internal/service/implementations/swipe_service.go:86.14,87.38 1 0
github.com/go-park-mail-ru/2025_2_RoadTo200/backend/internal/service/implementations/swipe_service.go:88.17,89.41 1 0
github.com/go-park-mail-ru/2025_2_RoadTo200/backend/internal/service/implementations/swipe_service.go:90.10,91.42 1 0
